{
  "algebra": "Quackenbush Q=({0,1,2};d,u)",
  "all_maximal_points": 4,
  "candidate_statuses": {
    "compiled_pointed_core_seed": "TESTED_ONLY",
    "naive_local": "FAILED",
    "pointed_rebuild_each_domain": "TESTED_ONLY",
    "raw_groupoid_reference": "TESTED_ONLY"
  },
  "domain_count": 512,
  "environment": {
    "platform": "Linux-7.0.0-28-generic-x86_64-with-glibc2.39",
    "python": "3.12.3 (main, Jun 19 2026, 12:46:00) [GCC 13.3.0]"
  },
  "feasibility_counts": {
    "()": 128,
    "(0, 1)": 160,
    "(0, 1, 2)": 253
  },
  "lean_source_gate": {
    "compiler_status": "BLOCKED_NO_LOCAL_LEAN_AND_GITHUB_ACTIONS_BILLING",
    "forbidden_tokens": [],
    "path": "formal/OrbitSynthesis/ParameterClosure.lean",
    "present": true,
    "theorem_count": 8
  },
  "minimum_core_for_paired_initials": [
    0,
    1
  ],
  "minimum_rank_for_paired_initials": 1,
  "naive_false_positive_count": 32,
  "naive_minimized_false_positive": [
    [
      0,
      0
    ],
    [
      0,
      1
    ],
    [
      1,
      1
    ]
  ],
  "nondominated_points": [
    {
      "core": [],
      "domain": [
        [
          0,
          0
        ],
        [
          0,
          1
        ],
        [
          0,
          2
        ],
        [
          1,
          2
        ],
        [
          2,
          0
        ],
        [
          2,
          1
        ],
        [
          2,
          2
        ]
      ],
      "rank": 0
    },
    {
      "core": [],
      "domain": [
        [
          0,
          1
        ],
        [
          0,
          2
        ],
        [
          1,
          1
        ],
        [
          1,
          2
        ],
        [
          2,
          0
        ],
        [
          2,
          1
        ],
        [
          2,
          2
        ]
      ],
      "rank": 0
    },
    {
      "core": [
        0,
        1
      ],
      "domain": [
        [
          0,
          0
        ],
        [
          0,
          1
        ],
        [
          0,
          2
        ],
        [
          1,
          1
        ],
        [
          1,
          2
        ],
        [
          2,
          0
        ],
        [
          2,
          1
        ],
        [
          2,
          2
        ]
      ],
      "rank": 1
    }
  ],
  "parameter_cores": [
    {
      "core": [],
      "rank": 0,
      "witnesses": [
        []
      ]
    },
    {
      "core": [
        0,
        1
      ],
      "rank": 1,
      "witnesses": [
        [
          0
        ],
        [
          1
        ]
      ]
    },
    {
      "core": [
        0,
        1,
        2
      ],
      "rank": 1,
      "witnesses": [
        [
          2
        ]
      ]
    }
  ],
  "random_differential_instances": 24576,
  "random_differential_mismatches": 0,
  "random_game_count": 16,
  "reference_pointed_mismatches": 0,
  "reference_rebuild_mismatches": 0,
  "schema": "orbit-synthesis/zag-parameter-domain-frontier/v1",
  "seed": 1,
  "semantic_sha256": "97f0a4d729bdd551e9efb7511ff5b5a5e08cd05f31dc364f706e0596051a6370",
  "state_count": 9,
  "timings": {
    "compiled_pointed_core_seed_ns": [
      61725299,
      63313753,
      61947889
    ],
    "pointed_rebuild_each_domain_ns": [
      3037160130,
      2992892251,
      3012826677
    ],
    "raw_groupoid_reference_ns": [
      93740356,
      89816015,
      91153249
    ]
  }
}
